{"u_token":"4LyeZSlEcfgMvCr2UCSbT7M08Zy2c3nz","part_number":"MAX30205MTA+","manufacturer":"Maxim Integrated","mode":"place-part","plugin":".snap","source":"https://www.snapeda.com"}